 107250
 105750
 105500
 105250
 103750